Archive member included to satisfy reference by file (symbol)

/usr/lib/x86_64-linux-gnu/libc_nonshared.a(elf-init.oS)
                              /usr/lib/gcc/x86_64-linux-gnu/5/../../../x86_64-linux-gnu/crt1.o (__libc_csu_init)

Discarded input sections

 .note.GNU-stack
                0x0000000000000000        0x0 /usr/lib/gcc/x86_64-linux-gnu/5/../../../x86_64-linux-gnu/crt1.o
 .note.GNU-stack
                0x0000000000000000        0x0 /usr/lib/gcc/x86_64-linux-gnu/5/../../../x86_64-linux-gnu/crti.o
 .note.GNU-stack
                0x0000000000000000        0x0 /usr/lib/gcc/x86_64-linux-gnu/5/crtbegin.o
 .note.GNU-stack
                0x0000000000000000        0x0 /tmp/ccK5R6yx.o
 .note.GNU-stack
                0x0000000000000000        0x0 /tmp/ccdW51rY.o
 .note.GNU-stack
                0x0000000000000000        0x0 /tmp/ccxxJCop.o
 .note.GNU-stack
                0x0000000000000000        0x0 /tmp/cckPcZoQ.o
 .note.GNU-stack
                0x0000000000000000        0x0 /usr/lib/x86_64-linux-gnu/libc_nonshared.a(elf-init.oS)
 .note.GNU-stack
                0x0000000000000000        0x0 /usr/lib/gcc/x86_64-linux-gnu/5/crtend.o
 .note.GNU-stack
                0x0000000000000000        0x0 /usr/lib/gcc/x86_64-linux-gnu/5/../../../x86_64-linux-gnu/crtn.o

Memory Configuration

Name             Origin             Length             Attributes
*default*        0x0000000000000000 0xffffffffffffffff

Linker script and memory map

LOAD /usr/lib/gcc/x86_64-linux-gnu/5/../../../x86_64-linux-gnu/crt1.o
LOAD /usr/lib/gcc/x86_64-linux-gnu/5/../../../x86_64-linux-gnu/crti.o
LOAD /usr/lib/gcc/x86_64-linux-gnu/5/crtbegin.o
LOAD /tmp/ccK5R6yx.o
LOAD /tmp/ccdW51rY.o
LOAD /tmp/ccxxJCop.o
LOAD /tmp/cckPcZoQ.o
LOAD /usr/lib/gcc/x86_64-linux-gnu/5/libgcc.a
LOAD /usr/lib/gcc/x86_64-linux-gnu/5/libgcc_s.so
LOAD /usr/lib/gcc/x86_64-linux-gnu/5/../../../x86_64-linux-gnu/libc.so
START GROUP
LOAD /lib/x86_64-linux-gnu/libc.so.6
LOAD /usr/lib/x86_64-linux-gnu/libc_nonshared.a
LOAD /lib/x86_64-linux-gnu/ld-linux-x86-64.so.2
END GROUP
LOAD /usr/lib/gcc/x86_64-linux-gnu/5/libgcc.a
LOAD /usr/lib/gcc/x86_64-linux-gnu/5/libgcc_s.so
LOAD /usr/lib/gcc/x86_64-linux-gnu/5/crtend.o
LOAD /usr/lib/gcc/x86_64-linux-gnu/5/../../../x86_64-linux-gnu/crtn.o
                [!provide]                        PROVIDE (__executable_start, 0x400000)
                0x0000000000400238                . = (0x400000 + SIZEOF_HEADERS)

.interp         0x0000000000400238       0x1c
 *(.interp)
 .interp        0x0000000000400238       0x1c /usr/lib/gcc/x86_64-linux-gnu/5/../../../x86_64-linux-gnu/crt1.o

.note.ABI-tag   0x0000000000400254       0x20
 .note.ABI-tag  0x0000000000400254       0x20 /usr/lib/gcc/x86_64-linux-gnu/5/../../../x86_64-linux-gnu/crt1.o

.note.gnu.build-id
                0x0000000000400274       0x24
 *(.note.gnu.build-id)
 .note.gnu.build-id
                0x0000000000400274       0x24 /usr/lib/gcc/x86_64-linux-gnu/5/../../../x86_64-linux-gnu/crt1.o

.hash
 *(.hash)

.gnu.hash       0x0000000000400298       0x1c
 *(.gnu.hash)
 .gnu.hash      0x0000000000400298       0x1c /usr/lib/gcc/x86_64-linux-gnu/5/../../../x86_64-linux-gnu/crt1.o

.dynsym         0x00000000004002b8       0xc0
 *(.dynsym)
 .dynsym        0x00000000004002b8       0xc0 /usr/lib/gcc/x86_64-linux-gnu/5/../../../x86_64-linux-gnu/crt1.o

.dynstr         0x0000000000400378       0x80
 *(.dynstr)
 .dynstr        0x0000000000400378       0x80 /usr/lib/gcc/x86_64-linux-gnu/5/../../../x86_64-linux-gnu/crt1.o

.gnu.version    0x00000000004003f8       0x10
 *(.gnu.version)
 .gnu.version   0x00000000004003f8       0x10 /usr/lib/gcc/x86_64-linux-gnu/5/../../../x86_64-linux-gnu/crt1.o

.gnu.version_d  0x0000000000400408        0x0
 *(.gnu.version_d)
 .gnu.version_d
                0x0000000000400408        0x0 /usr/lib/gcc/x86_64-linux-gnu/5/../../../x86_64-linux-gnu/crt1.o

.gnu.version_r  0x0000000000400408       0x40
 *(.gnu.version_r)
 .gnu.version_r
                0x0000000000400408       0x40 /usr/lib/gcc/x86_64-linux-gnu/5/../../../x86_64-linux-gnu/crt1.o

.rela.dyn       0x0000000000400448       0x18
 *(.rela.init)
 *(.rela.text .rela.text.* .rela.gnu.linkonce.t.*)
 .rela.text     0x0000000000400448        0x0 /usr/lib/gcc/x86_64-linux-gnu/5/../../../x86_64-linux-gnu/crt1.o
 *(.rela.fini)
 *(.rela.rodata .rela.rodata.* .rela.gnu.linkonce.r.*)
 *(.rela.data .rela.data.* .rela.gnu.linkonce.d.*)
 *(.rela.tdata .rela.tdata.* .rela.gnu.linkonce.td.*)
 *(.rela.tbss .rela.tbss.* .rela.gnu.linkonce.tb.*)
 *(.rela.ctors)
 *(.rela.dtors)
 *(.rela.got)
 .rela.got      0x0000000000400448       0x18 /usr/lib/gcc/x86_64-linux-gnu/5/../../../x86_64-linux-gnu/crt1.o
 *(.rela.bss .rela.bss.* .rela.gnu.linkonce.b.*)
 .rela.bss      0x0000000000400460        0x0 /usr/lib/gcc/x86_64-linux-gnu/5/../../../x86_64-linux-gnu/crt1.o
 *(.rela.ldata .rela.ldata.* .rela.gnu.linkonce.l.*)
 *(.rela.lbss .rela.lbss.* .rela.gnu.linkonce.lb.*)
 *(.rela.lrodata .rela.lrodata.* .rela.gnu.linkonce.lr.*)
 *(.rela.ifunc)

.rela.plt       0x0000000000400460       0x90
 *(.rela.plt)
 .rela.plt      0x0000000000400460       0x90 /usr/lib/gcc/x86_64-linux-gnu/5/../../../x86_64-linux-gnu/crt1.o
                [!provide]                        PROVIDE (__rela_iplt_start, .)
 *(.rela.iplt)
 .rela.iplt     0x00000000004004f0        0x0 /usr/lib/gcc/x86_64-linux-gnu/5/../../../x86_64-linux-gnu/crt1.o
                [!provide]                        PROVIDE (__rela_iplt_end, .)

.init           0x00000000004004f0       0x1a
 *(SORT(.init))
 .init          0x00000000004004f0       0x15 /usr/lib/gcc/x86_64-linux-gnu/5/../../../x86_64-linux-gnu/crti.o
                0x00000000004004f0                _init
 .init          0x0000000000400505        0x5 /usr/lib/gcc/x86_64-linux-gnu/5/../../../x86_64-linux-gnu/crtn.o

.plt            0x0000000000400510       0x70
 *(.plt)
 .plt           0x0000000000400510       0x70 /usr/lib/gcc/x86_64-linux-gnu/5/../../../x86_64-linux-gnu/crt1.o
                0x0000000000400520                putchar@@GLIBC_2.2.5
                0x0000000000400530                puts@@GLIBC_2.2.5
                0x0000000000400540                __stack_chk_fail@@GLIBC_2.4
                0x0000000000400550                printf@@GLIBC_2.2.5
                0x0000000000400560                __libc_start_main@@GLIBC_2.2.5
                0x0000000000400570                __isoc99_scanf@@GLIBC_2.7
 *(.iplt)
 .iplt          0x0000000000400580        0x0 /usr/lib/gcc/x86_64-linux-gnu/5/../../../x86_64-linux-gnu/crt1.o

.plt.got        0x0000000000400580        0x8
 *(.plt.got)
 .plt.got       0x0000000000400580        0x8 /usr/lib/gcc/x86_64-linux-gnu/5/../../../x86_64-linux-gnu/crt1.o

.plt.bnd
 *(.plt.bnd)

.text           0x0000000000400590      0x8a2
 *(.text.unlikely .text.*_unlikely .text.unlikely.*)
 .text.unlikely
                0x0000000000400590        0x0 /usr/lib/gcc/x86_64-linux-gnu/5/crtbegin.o
 .text.unlikely
                0x0000000000400590        0x0 /usr/lib/x86_64-linux-gnu/libc_nonshared.a(elf-init.oS)
 *(.text.exit .text.exit.*)
 *(.text.startup .text.startup.*)
 *(.text.hot .text.hot.*)
 *(.text .stub .text.* .gnu.linkonce.t.*)
 .text          0x0000000000400590       0x2a /usr/lib/gcc/x86_64-linux-gnu/5/../../../x86_64-linux-gnu/crt1.o
                0x0000000000400590                _start
 .text          0x00000000004005ba        0x0 /usr/lib/gcc/x86_64-linux-gnu/5/../../../x86_64-linux-gnu/crti.o
 *fill*         0x00000000004005ba        0x6 
 .text          0x00000000004005c0       0xc6 /usr/lib/gcc/x86_64-linux-gnu/5/crtbegin.o
 .text          0x0000000000400686       0x15 /tmp/ccK5R6yx.o
                0x0000000000400686                main
 .text          0x000000000040069b      0x10a /tmp/ccdW51rY.o
                0x000000000040069b                my_memmove
                0x00000000004006e9                my_memzero
                0x0000000000400724                my_reverse
 .text          0x00000000004007a5      0x22a /tmp/ccxxJCop.o
                0x00000000004007a5                Calculatestringlen
                0x00000000004007d3                my_itoa
                0x00000000004008af                my_atoi
                0x000000000040092f                dump_memory
                0x0000000000400978                big_to_little
                0x00000000004009b8                little_to_big
 .text          0x00000000004009cf      0x3e6 /tmp/cckPcZoQ.o
                0x00000000004009cf                my_faulthandleing
                0x0000000000400a14                project_1_report
                0x0000000000400b7e                Project_1_DataCheck
 *fill*         0x0000000000400db5        0xb 
 .text          0x0000000000400dc0       0x72 /usr/lib/x86_64-linux-gnu/libc_nonshared.a(elf-init.oS)
                0x0000000000400dc0                __libc_csu_init
                0x0000000000400e30                __libc_csu_fini
 .text          0x0000000000400e32        0x0 /usr/lib/gcc/x86_64-linux-gnu/5/crtend.o
 .text          0x0000000000400e32        0x0 /usr/lib/gcc/x86_64-linux-gnu/5/../../../x86_64-linux-gnu/crtn.o
 *(.gnu.warning)

.fini           0x0000000000400e34        0x9
 *(SORT(.fini))
 .fini          0x0000000000400e34        0x4 /usr/lib/gcc/x86_64-linux-gnu/5/../../../x86_64-linux-gnu/crti.o
                0x0000000000400e34                _fini
 .fini          0x0000000000400e38        0x5 /usr/lib/gcc/x86_64-linux-gnu/5/../../../x86_64-linux-gnu/crtn.o
                [!provide]                        PROVIDE (__etext, .)
                [!provide]                        PROVIDE (_etext, .)
                [!provide]                        PROVIDE (etext, .)

.rodata         0x0000000000400e40      0x25f
 *(.rodata .rodata.* .gnu.linkonce.r.*)
 .rodata.cst4   0x0000000000400e40        0x4 /usr/lib/gcc/x86_64-linux-gnu/5/../../../x86_64-linux-gnu/crt1.o
                0x0000000000400e40                _IO_stdin_used
 .rodata        0x0000000000400e44       0x17 /tmp/ccxxJCop.o
 *fill*         0x0000000000400e5b        0x5 
 .rodata        0x0000000000400e60      0x23f /tmp/cckPcZoQ.o

.rodata1
 *(.rodata1)

.eh_frame_hdr   0x00000000004010a0       0x94
 *(.eh_frame_hdr)
 .eh_frame_hdr  0x00000000004010a0       0x94 /usr/lib/gcc/x86_64-linux-gnu/5/../../../x86_64-linux-gnu/crt1.o
                0x00000000004010a0                __GNU_EH_FRAME_HDR
 *(.eh_frame_entry .eh_frame_entry.*)

.eh_frame       0x0000000000401138      0x274
 *(.eh_frame)
 .eh_frame      0x0000000000401138       0x30 /usr/lib/gcc/x86_64-linux-gnu/5/../../../x86_64-linux-gnu/crt1.o
 .eh_frame      0x0000000000401168       0x40 /usr/lib/gcc/x86_64-linux-gnu/5/../../../x86_64-linux-gnu/crt1.o
 .eh_frame      0x00000000004011a8       0x20 /tmp/ccK5R6yx.o
                                         0x38 (size before relaxing)
 .eh_frame      0x00000000004011c8       0x60 /tmp/ccdW51rY.o
                                         0x78 (size before relaxing)
 .eh_frame      0x0000000000401228       0xc0 /tmp/ccxxJCop.o
                                         0xd8 (size before relaxing)
 .eh_frame      0x00000000004012e8       0x60 /tmp/cckPcZoQ.o
                                         0x78 (size before relaxing)
 .eh_frame      0x0000000000401348       0x60 /usr/lib/x86_64-linux-gnu/libc_nonshared.a(elf-init.oS)
                                         0x78 (size before relaxing)
 .eh_frame      0x00000000004013a8        0x4 /usr/lib/gcc/x86_64-linux-gnu/5/crtend.o
 *(.eh_frame.*)

.gcc_except_table
 *(.gcc_except_table .gcc_except_table.*)

.gnu_extab
 *(.gnu_extab*)

.exception_ranges
 *(.exception_ranges .exception_ranges*)
                0x0000000000601e10                . = DATA_SEGMENT_ALIGN (0x200000, 0x1000)

.eh_frame
 *(.eh_frame)
 *(.eh_frame.*)

.gnu_extab
 *(.gnu_extab)

.gcc_except_table
 *(.gcc_except_table .gcc_except_table.*)

.exception_ranges
 *(.exception_ranges .exception_ranges*)

.tdata
 *(.tdata .tdata.* .gnu.linkonce.td.*)

.tbss
 *(.tbss .tbss.* .gnu.linkonce.tb.*)
 *(.tcommon)

.preinit_array  0x0000000000601e10        0x0
                [!provide]                        PROVIDE (__preinit_array_start, .)
 *(.preinit_array)
                [!provide]                        PROVIDE (__preinit_array_end, .)

.init_array     0x0000000000601e10        0x8
                0x0000000000601e10                PROVIDE (__init_array_start, .)
 *(SORT(.init_array.*) SORT(.ctors.*))
 *(.init_array EXCLUDE_FILE(*crtend?.o *crtend.o *crtbegin?.o *crtbegin.o) .ctors)
 .init_array    0x0000000000601e10        0x8 /usr/lib/gcc/x86_64-linux-gnu/5/crtbegin.o
                0x0000000000601e18                PROVIDE (__init_array_end, .)

.fini_array     0x0000000000601e18        0x8
                [!provide]                        PROVIDE (__fini_array_start, .)
 *(SORT(.fini_array.*) SORT(.dtors.*))
 *(.fini_array EXCLUDE_FILE(*crtend?.o *crtend.o *crtbegin?.o *crtbegin.o) .dtors)
 .fini_array    0x0000000000601e18        0x8 /usr/lib/gcc/x86_64-linux-gnu/5/crtbegin.o
                [!provide]                        PROVIDE (__fini_array_end, .)

.ctors
 *crtbegin.o(.ctors)
 *crtbegin?.o(.ctors)
 *(EXCLUDE_FILE(*crtend?.o *crtend.o) .ctors)
 *(SORT(.ctors.*))
 *(.ctors)

.dtors
 *crtbegin.o(.dtors)
 *crtbegin?.o(.dtors)
 *(EXCLUDE_FILE(*crtend?.o *crtend.o) .dtors)
 *(SORT(.dtors.*))
 *(.dtors)

.jcr            0x0000000000601e20        0x8
 *(.jcr)
 .jcr           0x0000000000601e20        0x0 /usr/lib/gcc/x86_64-linux-gnu/5/crtbegin.o
 .jcr           0x0000000000601e20        0x8 /usr/lib/gcc/x86_64-linux-gnu/5/crtend.o

.data.rel.ro
 *(.data.rel.ro.local* .gnu.linkonce.d.rel.ro.local.*)
 *(.data.rel.ro .data.rel.ro.* .gnu.linkonce.d.rel.ro.*)

.dynamic        0x0000000000601e28      0x1d0
 *(.dynamic)
 .dynamic       0x0000000000601e28      0x1d0 /usr/lib/gcc/x86_64-linux-gnu/5/../../../x86_64-linux-gnu/crt1.o
                0x0000000000601e28                _DYNAMIC

.got            0x0000000000601ff8        0x8
 *(.got)
 .got           0x0000000000601ff8        0x8 /usr/lib/gcc/x86_64-linux-gnu/5/../../../x86_64-linux-gnu/crt1.o
 *(.igot)
                0x0000000000602fe8                . = DATA_SEGMENT_RELRO_END (., (SIZEOF (.got.plt) >= 0x18)?0x18:0x0)

.got.plt        0x0000000000602000       0x48
 *(.got.plt)
 .got.plt       0x0000000000602000       0x48 /usr/lib/gcc/x86_64-linux-gnu/5/../../../x86_64-linux-gnu/crt1.o
                0x0000000000602000                _GLOBAL_OFFSET_TABLE_
 *(.igot.plt)
 .igot.plt      0x0000000000602048        0x0 /usr/lib/gcc/x86_64-linux-gnu/5/../../../x86_64-linux-gnu/crt1.o

.data           0x0000000000602048       0x10
 *(.data .data.* .gnu.linkonce.d.*)
 .data          0x0000000000602048        0x4 /usr/lib/gcc/x86_64-linux-gnu/5/../../../x86_64-linux-gnu/crt1.o
                0x0000000000602048                data_start
                0x0000000000602048                __data_start
 .data          0x000000000060204c        0x0 /usr/lib/gcc/x86_64-linux-gnu/5/../../../x86_64-linux-gnu/crti.o
 *fill*         0x000000000060204c        0x4 
 .data          0x0000000000602050        0x8 /usr/lib/gcc/x86_64-linux-gnu/5/crtbegin.o
                0x0000000000602050                __dso_handle
 .data          0x0000000000602058        0x0 /tmp/ccK5R6yx.o
 .data          0x0000000000602058        0x0 /tmp/ccdW51rY.o
 .data          0x0000000000602058        0x0 /tmp/ccxxJCop.o
 .data          0x0000000000602058        0x0 /tmp/cckPcZoQ.o
 .data          0x0000000000602058        0x0 /usr/lib/x86_64-linux-gnu/libc_nonshared.a(elf-init.oS)
 .data          0x0000000000602058        0x0 /usr/lib/gcc/x86_64-linux-gnu/5/crtend.o
 .data          0x0000000000602058        0x0 /usr/lib/gcc/x86_64-linux-gnu/5/../../../x86_64-linux-gnu/crtn.o

.tm_clone_table
                0x0000000000602058        0x0
 .tm_clone_table
                0x0000000000602058        0x0 /usr/lib/gcc/x86_64-linux-gnu/5/crtbegin.o
 .tm_clone_table
                0x0000000000602058        0x0 /usr/lib/gcc/x86_64-linux-gnu/5/crtend.o

.data1
 *(.data1)
                0x0000000000602058                _edata = .
                [!provide]                        PROVIDE (edata, .)
                0x0000000000602058                . = .
                0x0000000000602058                __bss_start = .

.bss            0x0000000000602058        0x8
 *(.dynbss)
 .dynbss        0x0000000000602058        0x0 /usr/lib/gcc/x86_64-linux-gnu/5/../../../x86_64-linux-gnu/crt1.o
 *(.bss .bss.* .gnu.linkonce.b.*)
 .bss           0x0000000000602058        0x0 /usr/lib/gcc/x86_64-linux-gnu/5/../../../x86_64-linux-gnu/crt1.o
 .bss           0x0000000000602058        0x0 /usr/lib/gcc/x86_64-linux-gnu/5/../../../x86_64-linux-gnu/crti.o
 .bss           0x0000000000602058        0x1 /usr/lib/gcc/x86_64-linux-gnu/5/crtbegin.o
 .bss           0x0000000000602059        0x0 /tmp/ccK5R6yx.o
 .bss           0x0000000000602059        0x0 /tmp/ccdW51rY.o
 .bss           0x0000000000602059        0x0 /tmp/ccxxJCop.o
 .bss           0x0000000000602059        0x1 /tmp/cckPcZoQ.o
 .bss           0x000000000060205a        0x0 /usr/lib/x86_64-linux-gnu/libc_nonshared.a(elf-init.oS)
 .bss           0x000000000060205a        0x0 /usr/lib/gcc/x86_64-linux-gnu/5/crtend.o
 .bss           0x000000000060205a        0x0 /usr/lib/gcc/x86_64-linux-gnu/5/../../../x86_64-linux-gnu/crtn.o
 *(COMMON)
                0x0000000000602060                . = ALIGN ((. != 0x0)?0x8:0x1)
 *fill*         0x000000000060205a        0x6 

.lbss
 *(.dynlbss)
 *(.lbss .lbss.* .gnu.linkonce.lb.*)
 *(LARGE_COMMON)
                0x0000000000602060                . = ALIGN (0x8)
                0x0000000000602060                . = SEGMENT_START ("ldata-segment", .)

.lrodata
 *(.lrodata .lrodata.* .gnu.linkonce.lr.*)

.ldata          0x0000000000a02060        0x0
 *(.ldata .ldata.* .gnu.linkonce.l.*)
                0x0000000000a02060                . = ALIGN ((. != 0x0)?0x8:0x1)
                0x0000000000a02060                . = ALIGN (0x8)
                0x0000000000a02060                _end = .
                [!provide]                        PROVIDE (end, .)
                0x0000000000a02060                . = DATA_SEGMENT_END (.)

.stab
 *(.stab)

.stabstr
 *(.stabstr)

.stab.excl
 *(.stab.excl)

.stab.exclstr
 *(.stab.exclstr)

.stab.index
 *(.stab.index)

.stab.indexstr
 *(.stab.indexstr)

.comment        0x0000000000000000       0x34
 *(.comment)
 .comment       0x0000000000000000       0x34 /usr/lib/gcc/x86_64-linux-gnu/5/crtbegin.o
                                         0x35 (size before relaxing)
 .comment       0x0000000000000034       0x35 /tmp/ccK5R6yx.o
 .comment       0x0000000000000034       0x35 /tmp/ccdW51rY.o
 .comment       0x0000000000000034       0x35 /tmp/ccxxJCop.o
 .comment       0x0000000000000034       0x35 /tmp/cckPcZoQ.o
 .comment       0x0000000000000034       0x35 /usr/lib/gcc/x86_64-linux-gnu/5/crtend.o

.debug
 *(.debug)

.line
 *(.line)

.debug_srcinfo
 *(.debug_srcinfo)

.debug_sfnames
 *(.debug_sfnames)

.debug_aranges  0x0000000000000000       0xc0
 *(.debug_aranges)
 .debug_aranges
                0x0000000000000000       0x30 /tmp/ccK5R6yx.o
 .debug_aranges
                0x0000000000000030       0x30 /tmp/ccdW51rY.o
 .debug_aranges
                0x0000000000000060       0x30 /tmp/ccxxJCop.o
 .debug_aranges
                0x0000000000000090       0x30 /tmp/cckPcZoQ.o

.debug_pubnames
 *(.debug_pubnames)

.debug_info     0x0000000000000000      0x6a6
 *(.debug_info .gnu.linkonce.wi.*)
 .debug_info    0x0000000000000000       0x91 /tmp/ccK5R6yx.o
 .debug_info    0x0000000000000091      0x1a5 /tmp/ccdW51rY.o
 .debug_info    0x0000000000000236      0x254 /tmp/ccxxJCop.o
 .debug_info    0x000000000000048a      0x21c /tmp/cckPcZoQ.o

.debug_abbrev   0x0000000000000000      0x282
 *(.debug_abbrev)
 .debug_abbrev  0x0000000000000000       0x42 /tmp/ccK5R6yx.o
 .debug_abbrev  0x0000000000000042       0xa3 /tmp/ccdW51rY.o
 .debug_abbrev  0x00000000000000e5       0xe8 /tmp/ccxxJCop.o
 .debug_abbrev  0x00000000000001cd       0xb5 /tmp/cckPcZoQ.o

.debug_line     0x0000000000000000      0x280
 *(.debug_line .debug_line.* .debug_line_end)
 .debug_line    0x0000000000000000       0x40 /tmp/ccK5R6yx.o
 .debug_line    0x0000000000000040       0x99 /tmp/ccdW51rY.o
 .debug_line    0x00000000000000d9       0xb3 /tmp/ccxxJCop.o
 .debug_line    0x000000000000018c       0xf4 /tmp/cckPcZoQ.o

.debug_frame
 *(.debug_frame)

.debug_str      0x0000000000000000      0x22f
 *(.debug_str)
 .debug_str     0x0000000000000000       0xd3 /tmp/ccK5R6yx.o
                                         0xf1 (size before relaxing)
 .debug_str     0x00000000000000d3       0x5a /tmp/ccdW51rY.o
                                        0x142 (size before relaxing)
 .debug_str     0x000000000000012d       0x75 /tmp/ccxxJCop.o
                                        0x184 (size before relaxing)
 .debug_str     0x00000000000001a2       0x8d /tmp/cckPcZoQ.o
                                        0x18f (size before relaxing)

.debug_loc
 *(.debug_loc)

.debug_macinfo
 *(.debug_macinfo)

.debug_weaknames
 *(.debug_weaknames)

.debug_funcnames
 *(.debug_funcnames)

.debug_typenames
 *(.debug_typenames)

.debug_varnames
 *(.debug_varnames)

.debug_pubtypes
 *(.debug_pubtypes)

.debug_ranges
 *(.debug_ranges)

.debug_macro
 *(.debug_macro)

.gnu.attributes
 *(.gnu.attributes)

/DISCARD/
 *(.note.GNU-stack)
 *(.gnu_debuglink)
 *(.gnu.lto_*)
OUTPUT(project elf64-x86-64)
